Hello! How can I assist you today? 😊